
PVENKAT3@wvdweu001-1323 MINGW64 ~/Web-Development-Course
$ mkdir Story

PVENKAT3@wvdweu001-1323 MINGW64 ~/Web-Development-Course
$ cd Story/

PVENKAT3@wvdweu001-1323 MINGW64 ~/Web-Development-Course/Story
$ ls

PVENKAT3@wvdweu001-1323 MINGW64 ~/Web-Development-Course/Story
$ touch chapter1.txt

PVENKAT3@wvdweu001-1323 MINGW64 ~/Web-Development-Course/Story
//$ open chapter1.txt  --> In MAC OS
bash: open: command not found

PVENKAT3@wvdweu001-1323 MINGW64 ~/Web-Development-Course/Story
$ start chapter1.txt

PVENKAT3@wvdweu001-1323 MINGW64 ~/Web-Development-Course/Story
$ start code chapter1.txt
The system cannot find the file code.

PVENKAT3@wvdweu001-1323 MINGW64 ~/Web-Development-Course/Story
$ start chapter1.txt

PVENKAT3@wvdweu001-1323 MINGW64 ~/Web-Development-Course/Story
$ vim chapter1.txt

[1]+  Stopped                 vim chapter1.txt

PVENKAT3@wvdweu001-1323 MINGW64 ~/Web-Development-Course/Story
$ li
bash: li: command not found

PVENKAT3@wvdweu001-1323 MINGW64 ~/Web-Development-Course/Story
$ ls
chapter1.txt

PVENKAT3@wvdweu001-1323 MINGW64 ~/Web-Development-Course/Story
$ ls -a
./  ../  .chapter1.txt.swp  chapter1.txt

PVENKAT3@wvdweu001-1323 MINGW64 ~/Web-Development-Course/Story
$ ls -a
./  ../  chapter1.txt

PVENKAT3@wvdweu001-1323 MINGW64 ~/Web-Development-Course/Story
$ git init
Initialized empty Git repository in C:/Users/PVENKAT3/Web-Development-Course/Story/.git/

PVENKAT3@wvdweu001-1323 MINGW64 ~/Web-Development-Course/Story (master)
$ ls -a
./  ../  .git/  chapter1.txt

PVENKAT3@wvdweu001-1323 MINGW64 ~/Web-Development-Course/Story (master)
$ git status
On branch master

No commits yet

Untracked files:
  (use "git add <file>..." to include in what will be committed)
        chapter1.txt

nothing added to commit but untracked files present (use "git add" to track)

PVENKAT3@wvdweu001-1323 MINGW64 ~/Web-Development-Course/Story (master)
$ git add chapter1.txt

PVENKAT3@wvdweu001-1323 MINGW64 ~/Web-Development-Course/Story (master)
$ git status
On branch master

No commits yet

Changes to be committed:
  (use "git rm --cached <file>..." to unstage)
        new file:   chapter1.txt


PVENKAT3@wvdweu001-1323 MINGW64 ~/Web-Development-Course/Story (master)
$ git commit -m "Complete Chapter 1"
[master (root-commit) 899551f] Complete Chapter 1
 1 file changed, 1 insertion(+)
 create mode 100644 chapter1.txt

PVENKAT3@wvdweu001-1323 MINGW64 ~/Web-Development-Course/Story (master)
$ git log
commit 899551f79852d6f1c67c486679d95589c51b2426 (HEAD -> master)
Author: VENKAT <PVENKAT3@volvocars.com>
Date:   Mon Jul 19 20:46:19 2021 +0530

    Complete Chapter 1

PVENKAT3@wvdweu001-1323 MINGW64 ~/Web-Development-Course/Story (master)
$ touch chapter2.txt chapter3.txt

PVENKAT3@wvdweu001-1323 MINGW64 ~/Web-Development-Course/Story (master)
$ start chapter2.txt

PVENKAT3@wvdweu001-1323 MINGW64 ~/Web-Development-Course/Story (master)
$ start chapter3.txt

PVENKAT3@wvdweu001-1323 MINGW64 ~/Web-Development-Course/Story (master)
$ touch chapter3.txt

PVENKAT3@wvdweu001-1323 MINGW64 ~/Web-Development-Course/Story (master)
$ start chapter3.txt

PVENKAT3@wvdweu001-1323 MINGW64 ~/Web-Development-Course/Story (master)
$ git status
On branch master
Untracked files:
  (use "git add <file>..." to include in what will be committed)
        chapter2.txt
        chapter3.txt

nothing added to commit but untracked files present (use "git add" to track)

PVENKAT3@wvdweu001-1323 MINGW64 ~/Web-Development-Course/Story (master)
$ git add chapter2.txt chapter3.txt

PVENKAT3@wvdweu001-1323 MINGW64 ~/Web-Development-Course/Story (master)
$ git status
On branch master
Changes to be committed:
  (use "git restore --staged <file>..." to unstage)
        new file:   chapter2.txt
        new file:   chapter3.txt


PVENKAT3@wvdweu001-1323 MINGW64 ~/Web-Development-Course/Story (master)
$ git commit -m "Complete Chapter 2 and Chapter 3"
[master 1e27bb3] Complete Chapter 2 and Chapter 3
 2 files changed, 2 insertions(+)
 create mode 100644 chapter2.txt
 create mode 100644 chapter3.txt

PVENKAT3@wvdweu001-1323 MINGW64 ~/Web-Development-Course/Story (master)
$ git log
commit 1e27bb3eaaac8d8a45b6e8a77189a3db7aee148b (HEAD -> master)
Author: VENKAT <PVENKAT3@volvocars.com>
Date:   Mon Jul 19 20:55:05 2021 +0530

    Complete Chapter 2 and Chapter 3

commit 899551f79852d6f1c67c486679d95589c51b2426
Author: VENKAT <PVENKAT3@volvocars.com>
Date:   Mon Jul 19 20:46:19 2021 +0530

    Complete Chapter 1

PVENKAT3@wvdweu001-1323 MINGW64 ~/Web-Development-Course/Story (master)
$ git status
On branch master
Changes not staged for commit:
  (use "git add <file>..." to update what will be committed)
  (use "git restore <file>..." to discard changes in working directory)
        modified:   chapter3.txt

no changes added to commit (use "git add" and/or "git commit -a")

PVENKAT3@wvdweu001-1323 MINGW64 ~/Web-Development-Course/Story (master)
$ git diff chapter3.txt
diff --git a/chapter3.txt b/chapter3.txt
index f427fb9..886e711 100644
--- a/chapter3.txt
+++ b/chapter3.txt
@@ -1 +1 @@
-It was spring of hope. It was the winter of despair.
\ No newline at end of file
+hbenfjne djnejdn djcnjd cjndjnc jdnjd dcnjdncjn
\ No newline at end of file

PVENKAT3@wvdweu001-1323 MINGW64 ~/Web-Development-Course/Story (master)
$ git checkout chapter3.txt
Updated 1 path from the index

PVENKAT3@wvdweu001-1323 MINGW64 ~/Web-Development-Course/Story (master)
$
